warning: in the working copy of 'README.md', LF will be replaced by CRLF the next time Git touches it
warning: in the working copy of 'backup.sh', LF will be replaced by CRLF the next time Git touches it
warning: in the working copy of 'groupbot.service', LF will be replaced by CRLF the next time Git touches it
warning: in the working copy of 'groupbot@.service', LF will be replaced by CRLF the next time Git touches it
warning: in the working copy of 'src/handlers/answers.rs', LF will be replaced by CRLF the next time Git touches it
warning: in the working copy of 'src/handlers/autoconfig.rs', LF will be replaced by CRLF the next time Git touches it
warning: in the working copy of 'src/handlers/betrayal.rs', LF will be replaced by CRLF the next time Git touches it
warning: in the working copy of 'src/handlers/bots.rs', LF will be replaced by CRLF the next time Git touches it
warning: in the working copy of 'src/handlers/callbacks.rs', LF will be replaced by CRLF the next time Git touches it
warning: in the working copy of 'src/handlers/captcha.rs', LF will be replaced by CRLF the next time Git touches it
warning: in the working copy of 'src/handlers/cleaner.rs', LF will be replaced by CRLF the next time Git touches it
warning: in the working copy of 'src/handlers/config.rs', LF will be replaced by CRLF the next time Git touches it
warning: in the working copy of 'src/handlers/currency.rs', LF will be replaced by CRLF the next time Git touches it
warning: in the working copy of 'src/handlers/extras.rs', LF will be replaced by CRLF the next time Git touches it
warning: in the working copy of 'src/handlers/filters.rs', LF will be replaced by CRLF the next time Git touches it
warning: in the working copy of 'src/handlers/flood.rs', LF will be replaced by CRLF the next time Git touches it
warning: in the working copy of 'src/handlers/help.rs', LF will be replaced by CRLF the next time Git touches it
warning: in the working copy of 'src/handlers/imgfilter.rs', LF will be replaced by CRLF the next time Git touches it
warning: in the working copy of 'src/handlers/install.rs', LF will be replaced by CRLF the next time Git touches it
warning: in the working copy of 'src/handlers/invite.rs', LF will be replaced by CRLF the next time Git touches it
warning: in the working copy of 'src/handlers/join.rs', LF will be replaced by CRLF the next time Git touches it
warning: in the working copy of 'src/handlers/limits.rs', LF will be replaced by CRLF the next time Git touches it
warning: in the working copy of 'src/handlers/lists.rs', LF will be replaced by CRLF the next time Git touches it
warning: in the working copy of 'src/handlers/locks.rs', LF will be replaced by CRLF the next time Git touches it
warning: in the working copy of 'src/handlers/log.rs', LF will be replaced by CRLF the next time Git touches it
warning: in the working copy of 'src/handlers/mod.rs', LF will be replaced by CRLF the next time Git touches it
warning: in the working copy of 'src/handlers/notice.rs', LF will be replaced by CRLF the next time Git touches it
warning: in the working copy of 'src/handlers/nsfw.rs', LF will be replaced by CRLF the next time Git touches it
warning: in the working copy of 'src/handlers/packs.rs', LF will be replaced by CRLF the next time Git touches it
warning: in the working copy of 'src/handlers/panel.rs', LF will be replaced by CRLF the next time Git touches it
warning: in the working copy of 'src/handlers/ping.rs', LF will be replaced by CRLF the next time Git touches it
warning: in the working copy of 'src/handlers/pinlock.rs', LF will be replaced by CRLF the next time Git touches it
warning: in the working copy of 'src/handlers/promote.rs', LF will be replaced by CRLF the next time Git touches it
warning: in the working copy of 'src/handlers/purge.rs', LF will be replaced by CRLF the next time Git touches it
warning: in the working copy of 'src/handlers/raid.rs', LF will be replaced by CRLF the next time Git touches it
warning: in the working copy of 'src/handlers/report.rs', LF will be replaced by CRLF the next time Git touches it
warning: in the working copy of 'src/handlers/restrict.rs', LF will be replaced by CRLF the next time Git touches it
warning: in the working copy of 'src/handlers/rights.rs', LF will be replaced by CRLF the next time Git touches it
warning: in the working copy of 'src/handlers/setting.rs', LF will be replaced by CRLF the next time Git touches it
warning: in the working copy of 'src/handlers/stats.rs', LF will be replaced by CRLF the next time Git touches it
warning: in the working copy of 'src/handlers/strict.rs', LF will be replaced by CRLF the next time Git touches it
warning: in the working copy of 'src/handlers/sudo.rs', LF will be replaced by CRLF the next time Git touches it
warning: in the working copy of 'src/handlers/tempmedia.rs', LF will be replaced by CRLF the next time Git touches it
warning: in the working copy of 'src/handlers/toggles.rs', LF will be replaced by CRLF the next time Git touches it
warning: in the working copy of 'src/handlers/tune.rs', LF will be replaced by CRLF the next time Git touches it
warning: in the working copy of 'src/handlers/vip.rs', LF will be replaced by CRLF the next time Git touches it
warning: in the working copy of 'src/handlers/voicemonitor.rs', LF will be replaced by CRLF the next time Git touches it
warning: in the working copy of 'src/handlers/warns.rs', LF will be replaced by CRLF the next time Git touches it
warning: in the working copy of 'src/handlers/welcome.rs', LF will be replaced by CRLF the next time Git touches it
warning: in the working copy of 'src/main.rs', LF will be replaced by CRLF the next time Git touches it
warning: in the working copy of 'src/miniapp/api.rs', LF will be replaced by CRLF the next time Git touches it
warning: in the working copy of 'src/miniapp/assets/app.css', LF will be replaced by CRLF the next time Git touches it
warning: in the working copy of 'src/miniapp/auth.rs', LF will be replaced by CRLF the next time Git touches it
warning: in the working copy of 'src/miniapp/filters.rs', LF will be replaced by CRLF the next time Git touches it
warning: in the working copy of 'src/miniapp/frontend.rs', LF will be replaced by CRLF the next time Git touches it
warning: in the working copy of 'src/miniapp/lists.rs', LF will be replaced by CRLF the next time Git touches it
warning: in the working copy of 'src/miniapp/mod.rs', LF will be replaced by CRLF the next time Git touches it
warning: in the working copy of 'src/miniapp/overview.rs', LF will be replaced by CRLF the next time Git touches it
warning: in the working copy of 'src/miniapp/settings.rs', LF will be replaced by CRLF the next time Git touches it
warning: in the working copy of 'src/miniapp/throttle.rs', LF will be replaced by CRLF the next time Git touches it
warning: in the working copy of 'src/miniapp/voice.rs', LF will be replaced by CRLF the next time Git touches it
warning: in the working copy of 'src/state.rs', LF will be replaced by CRLF the next time Git touches it
