warning: in the working copy of 'grammers-client/Cargo.toml', LF will be replaced by CRLF the next time Git touches it
warning: in the working copy of 'grammers-client/examples/echo.rs', LF will be replaced by CRLF the next time Git touches it
warning: in the working copy of 'grammers-client/src/client/auth.rs', LF will be replaced by CRLF the next time Git touches it
warning: in the working copy of 'grammers-client/src/client/bots.rs', LF will be replaced by CRLF the next time Git touches it
warning: in the working copy of 'grammers-client/src/client/chats.rs', LF will be replaced by CRLF the next time Git touches it
warning: in the working copy of 'grammers-client/src/client/client.rs', LF will be replaced by CRLF the next time Git touches it
warning: in the working copy of 'grammers-client/src/client/dialogs.rs', LF will be replaced by CRLF the next time Git touches it
warning: in the working copy of 'grammers-client/src/client/files.rs', LF will be replaced by CRLF the next time Git touches it
warning: in the working copy of 'grammers-client/src/client/messages.rs', LF will be replaced by CRLF the next time Git touches it
warning: in the working copy of 'grammers-client/src/client/mod.rs', LF will be replaced by CRLF the next time Git touches it
warning: in the working copy of 'grammers-client/src/client/net.rs', LF will be replaced by CRLF the next time Git touches it
warning: in the working copy of 'grammers-client/src/lib.rs', LF will be replaced by CRLF the next time Git touches it
warning: in the working copy of 'grammers-client/src/peer/action.rs', LF will be replaced by CRLF the next time Git touches it
warning: in the working copy of 'grammers-client/src/peer/chats.rs', LF will be replaced by CRLF the next time Git touches it
warning: in the working copy of 'grammers-client/src/update/callback_query.rs', LF will be replaced by CRLF the next time Git touches it
warning: in the working copy of 'grammers-client/src/update/inline_query.rs', LF will be replaced by CRLF the next time Git touches it
warning: in the working copy of 'grammers-mtsender/src/configuration.rs', LF will be replaced by CRLF the next time Git touches it
warning: in the working copy of 'grammers-mtsender/src/lib.rs', LF will be replaced by CRLF the next time Git touches it
warning: in the working copy of 'grammers-mtsender/src/sender.rs', LF will be replaced by CRLF the next time Git touches it
warning: in the working copy of 'grammers-mtsender/src/sender_pool.rs', LF will be replaced by CRLF the next time Git touches it
warning: in the working copy of 'grammers-mtsender/src/updates_receiver.rs', LF will be replaced by CRLF the next time Git touches it
warning: in the working copy of 'grammers-mtsender/tests/lib.rs', LF will be replaced by CRLF the next time Git touches it
warning: in the working copy of 'grammers-session/src/message_box/defs.rs', LF will be replaced by CRLF the next time Git touches it
warning: in the working copy of 'grammers-session/src/message_box/mod.rs', LF will be replaced by CRLF the next time Git touches it
warning: in the working copy of 'grammers-session/src/message_box/tests.rs', LF will be replaced by CRLF the next time Git touches it
warning: in the working copy of 'grammers-session/src/storages/sqlite.rs', LF will be replaced by CRLF the next time Git touches it
